  Determining projects to restore...
  All projects are up-to-date for restore.
C:\My Projects\Web Development\DevTasker\backend\Controllers\TasksController.cs(5,17): error CS0234: The type or namespace name 'EntityFrameworkCore' does not exist in the namespace 'Microsoft' (are you missing an assembly reference?) [C:\My Projects\Web Development\DevTasker\backend\DevTasker.API.csproj]
C:\My Projects\Web Development\DevTasker\backend\Controllers\UsersController.cs(5,17): error CS0234: The type or namespace name 'EntityFrameworkCore' does not exist in the namespace 'Microsoft' (are you missing an assembly reference?) [C:\My Projects\Web Development\DevTasker\backend\DevTasker.API.csproj]
C:\My Projects\Web Development\DevTasker\backend\Data\AppDbContext.cs(2,37): error CS0234: The type or namespace name 'EntityFrameworkCore' does not exist in the namespace 'Microsoft.AspNetCore.Identity' (are you missing an assembly reference?) [C:\My Projects\Web Development\DevTasker\backend\DevTasker.API.csproj]
C:\My Projects\Web Development\DevTasker\backend\Data\AppDbContext.cs(3,17): error CS0234: The type or namespace name 'EntityFrameworkCore' does not exist in the namespace 'Microsoft' (are you missing an assembly reference?) [C:\My Projects\Web Development\DevTasker\backend\DevTasker.API.csproj]
C:\My Projects\Web Development\DevTasker\backend\Program.cs(2,43): error CS0234: The type or namespace name 'JwtBearer' does not exist in the namespace 'Microsoft.AspNetCore.Authentication' (are you missing an assembly reference?) [C:\My Projects\Web Development\DevTasker\backend\DevTasker.API.csproj]
C:\My Projects\Web Development\DevTasker\backend\Program.cs(4,17): error CS0234: The type or namespace name 'EntityFrameworkCore' does not exist in the namespace 'Microsoft' (are you missing an assembly reference?) [C:\My Projects\Web Development\DevTasker\backend\DevTasker.API.csproj]
C:\My Projects\Web Development\DevTasker\backend\Program.cs(5,17): error CS0234: The type or namespace name 'IdentityModel' does not exist in the namespace 'Microsoft' (are you missing an assembly reference?) [C:\My Projects\Web Development\DevTasker\backend\DevTasker.API.csproj]
C:\My Projects\Web Development\DevTasker\backend\Services\AuthService.cs(1,14): error CS0234: The type or namespace name 'IdentityModel' does not exist in the namespace 'System' (are you missing an assembly reference?) [C:\My Projects\Web Development\DevTasker\backend\DevTasker.API.csproj]
C:\My Projects\Web Development\DevTasker\backend\Services\AuthService.cs(6,17): error CS0234: The type or namespace name 'EntityFrameworkCore' does not exist in the namespace 'Microsoft' (are you missing an assembly reference?) [C:\My Projects\Web Development\DevTasker\backend\DevTasker.API.csproj]
C:\My Projects\Web Development\DevTasker\backend\Services\AuthService.cs(7,17): error CS0234: The type or namespace name 'IdentityModel' does not exist in the namespace 'Microsoft' (are you missing an assembly reference?) [C:\My Projects\Web Development\DevTasker\backend\DevTasker.API.csproj]
C:\My Projects\Web Development\DevTasker\backend\Services\BoardService.cs(1,17): error CS0234: The type or namespace name 'EntityFrameworkCore' does not exist in the namespace 'Microsoft' (are you missing an assembly reference?) [C:\My Projects\Web Development\DevTasker\backend\DevTasker.API.csproj]
C:\My Projects\Web Development\DevTasker\backend\Services\ProjectService.cs(2,17): error CS0234: The type or namespace name 'EntityFrameworkCore' does not exist in the namespace 'Microsoft' (are you missing an assembly reference?) [C:\My Projects\Web Development\DevTasker\backend\DevTasker.API.csproj]
C:\My Projects\Web Development\DevTasker\backend\Services\TaskService.cs(1,17): error CS0234: The type or namespace name 'EntityFrameworkCore' does not exist in the namespace 'Microsoft' (are you missing an assembly reference?) [C:\My Projects\Web Development\DevTasker\backend\DevTasker.API.csproj]
C:\My Projects\Web Development\DevTasker\backend\Data\AppDbContext.cs(8,29): error CS0246: The type or namespace name 'IdentityDbContext<,,>' could not be found (are you missing a using directive or an assembly reference?) [C:\My Projects\Web Development\DevTasker\backend\DevTasker.API.csproj]
C:\My Projects\Web Development\DevTasker\backend\Data\AppDbContext.cs(10,25): error CS0246: The type or namespace name 'DbContextOptions<>' could not be found (are you missing a using directive or an assembly reference?) [C:\My Projects\Web Development\DevTasker\backend\DevTasker.API.csproj]
C:\My Projects\Web Development\DevTasker\backend\Data\AppDbContext.cs(14,12): error CS0246: The type or namespace name 'DbSet<>' could not be found (are you missing a using directive or an assembly reference?) [C:\My Projects\Web Development\DevTasker\backend\DevTasker.API.csproj]
C:\My Projects\Web Development\DevTasker\backend\Data\AppDbContext.cs(15,12): error CS0246: The type or namespace name 'DbSet<>' could not be found (are you missing a using directive or an assembly reference?) [C:\My Projects\Web Development\DevTasker\backend\DevTasker.API.csproj]
C:\My Projects\Web Development\DevTasker\backend\Data\AppDbContext.cs(16,12): error CS0246: The type or namespace name 'DbSet<>' could not be found (are you missing a using directive or an assembly reference?) [C:\My Projects\Web Development\DevTasker\backend\DevTasker.API.csproj]
C:\My Projects\Web Development\DevTasker\backend\Data\AppDbContext.cs(17,12): error CS0246: The type or namespace name 'DbSet<>' could not be found (are you missing a using directive or an assembly reference?) [C:\My Projects\Web Development\DevTasker\backend\DevTasker.API.csproj]
C:\My Projects\Web Development\DevTasker\backend\Data\AppDbContext.cs(18,12): error CS0246: The type or namespace name 'DbSet<>' could not be found (are you missing a using directive or an assembly reference?) [C:\My Projects\Web Development\DevTasker\backend\DevTasker.API.csproj]
C:\My Projects\Web Development\DevTasker\backend\Data\AppDbContext.cs(19,12): error CS0246: The type or namespace name 'DbSet<>' could not be found (are you missing a using directive or an assembly reference?) [C:\My Projects\Web Development\DevTasker\backend\DevTasker.API.csproj]
C:\My Projects\Web Development\DevTasker\backend\Data\AppDbContext.cs(20,12): error CS0246: The type or namespace name 'DbSet<>' could not be found (are you missing a using directive or an assembly reference?) [C:\My Projects\Web Development\DevTasker\backend\DevTasker.API.csproj]
C:\My Projects\Web Development\DevTasker\backend\Data\AppDbContext.cs(21,12): error CS0246: The type or namespace name 'DbSet<>' could not be found (are you missing a using directive or an assembly reference?) [C:\My Projects\Web Development\DevTasker\backend\DevTasker.API.csproj]
C:\My Projects\Web Development\DevTasker\backend\Data\AppDbContext.cs(22,12): error CS0246: The type or namespace name 'DbSet<>' could not be found (are you missing a using directive or an assembly reference?) [C:\My Projects\Web Development\DevTasker\backend\DevTasker.API.csproj]
C:\My Projects\Web Development\DevTasker\backend\Data\AppDbContext.cs(24,45): error CS0246: The type or namespace name 'ModelBuilder' could not be found (are you missing a using directive or an assembly reference?) [C:\My Projects\Web Development\DevTasker\backend\DevTasker.API.csproj]

Build FAILED.

C:\My Projects\Web Development\DevTasker\backend\Controllers\TasksController.cs(5,17): error CS0234: The type or namespace name 'EntityFrameworkCore' does not exist in the namespace 'Microsoft' (are you missing an assembly reference?) [C:\My Projects\Web Development\DevTasker\backend\DevTasker.API.csproj]
C:\My Projects\Web Development\DevTasker\backend\Controllers\UsersController.cs(5,17): error CS0234: The type or namespace name 'EntityFrameworkCore' does not exist in the namespace 'Microsoft' (are you missing an assembly reference?) [C:\My Projects\Web Development\DevTasker\backend\DevTasker.API.csproj]
C:\My Projects\Web Development\DevTasker\backend\Data\AppDbContext.cs(2,37): error CS0234: The type or namespace name 'EntityFrameworkCore' does not exist in the namespace 'Microsoft.AspNetCore.Identity' (are you missing an assembly reference?) [C:\My Projects\Web Development\DevTasker\backend\DevTasker.API.csproj]
C:\My Projects\Web Development\DevTasker\backend\Data\AppDbContext.cs(3,17): error CS0234: The type or namespace name 'EntityFrameworkCore' does not exist in the namespace 'Microsoft' (are you missing an assembly reference?) [C:\My Projects\Web Development\DevTasker\backend\DevTasker.API.csproj]
C:\My Projects\Web Development\DevTasker\backend\Program.cs(2,43): error CS0234: The type or namespace name 'JwtBearer' does not exist in the namespace 'Microsoft.AspNetCore.Authentication' (are you missing an assembly reference?) [C:\My Projects\Web Development\DevTasker\backend\DevTasker.API.csproj]
C:\My Projects\Web Development\DevTasker\backend\Program.cs(4,17): error CS0234: The type or namespace name 'EntityFrameworkCore' does not exist in the namespace 'Microsoft' (are you missing an assembly reference?) [C:\My Projects\Web Development\DevTasker\backend\DevTasker.API.csproj]
C:\My Projects\Web Development\DevTasker\backend\Program.cs(5,17): error CS0234: The type or namespace name 'IdentityModel' does not exist in the namespace 'Microsoft' (are you missing an assembly reference?) [C:\My Projects\Web Development\DevTasker\backend\DevTasker.API.csproj]
C:\My Projects\Web Development\DevTasker\backend\Services\AuthService.cs(1,14): error CS0234: The type or namespace name 'IdentityModel' does not exist in the namespace 'System' (are you missing an assembly reference?) [C:\My Projects\Web Development\DevTasker\backend\DevTasker.API.csproj]
C:\My Projects\Web Development\DevTasker\backend\Services\AuthService.cs(6,17): error CS0234: The type or namespace name 'EntityFrameworkCore' does not exist in the namespace 'Microsoft' (are you missing an assembly reference?) [C:\My Projects\Web Development\DevTasker\backend\DevTasker.API.csproj]
C:\My Projects\Web Development\DevTasker\backend\Services\AuthService.cs(7,17): error CS0234: The type or namespace name 'IdentityModel' does not exist in the namespace 'Microsoft' (are you missing an assembly reference?) [C:\My Projects\Web Development\DevTasker\backend\DevTasker.API.csproj]
C:\My Projects\Web Development\DevTasker\backend\Services\BoardService.cs(1,17): error CS0234: The type or namespace name 'EntityFrameworkCore' does not exist in the namespace 'Microsoft' (are you missing an assembly reference?) [C:\My Projects\Web Development\DevTasker\backend\DevTasker.API.csproj]
C:\My Projects\Web Development\DevTasker\backend\Services\ProjectService.cs(2,17): error CS0234: The type or namespace name 'EntityFrameworkCore' does not exist in the namespace 'Microsoft' (are you missing an assembly reference?) [C:\My Projects\Web Development\DevTasker\backend\DevTasker.API.csproj]
C:\My Projects\Web Development\DevTasker\backend\Services\TaskService.cs(1,17): error CS0234: The type or namespace name 'EntityFrameworkCore' does not exist in the namespace 'Microsoft' (are you missing an assembly reference?) [C:\My Projects\Web Development\DevTasker\backend\DevTasker.API.csproj]
C:\My Projects\Web Development\DevTasker\backend\Data\AppDbContext.cs(8,29): error CS0246: The type or namespace name 'IdentityDbContext<,,>' could not be found (are you missing a using directive or an assembly reference?) [C:\My Projects\Web Development\DevTasker\backend\DevTasker.API.csproj]
C:\My Projects\Web Development\DevTasker\backend\Data\AppDbContext.cs(10,25): error CS0246: The type or namespace name 'DbContextOptions<>' could not be found (are you missing a using directive or an assembly reference?) [C:\My Projects\Web Development\DevTasker\backend\DevTasker.API.csproj]
C:\My Projects\Web Development\DevTasker\backend\Data\AppDbContext.cs(14,12): error CS0246: The type or namespace name 'DbSet<>' could not be found (are you missing a using directive or an assembly reference?) [C:\My Projects\Web Development\DevTasker\backend\DevTasker.API.csproj]
C:\My Projects\Web Development\DevTasker\backend\Data\AppDbContext.cs(15,12): error CS0246: The type or namespace name 'DbSet<>' could not be found (are you missing a using directive or an assembly reference?) [C:\My Projects\Web Development\DevTasker\backend\DevTasker.API.csproj]
C:\My Projects\Web Development\DevTasker\backend\Data\AppDbContext.cs(16,12): error CS0246: The type or namespace name 'DbSet<>' could not be found (are you missing a using directive or an assembly reference?) [C:\My Projects\Web Development\DevTasker\backend\DevTasker.API.csproj]
C:\My Projects\Web Development\DevTasker\backend\Data\AppDbContext.cs(17,12): error CS0246: The type or namespace name 'DbSet<>' could not be found (are you missing a using directive or an assembly reference?) [C:\My Projects\Web Development\DevTasker\backend\DevTasker.API.csproj]
C:\My Projects\Web Development\DevTasker\backend\Data\AppDbContext.cs(18,12): error CS0246: The type or namespace name 'DbSet<>' could not be found (are you missing a using directive or an assembly reference?) [C:\My Projects\Web Development\DevTasker\backend\DevTasker.API.csproj]
C:\My Projects\Web Development\DevTasker\backend\Data\AppDbContext.cs(19,12): error CS0246: The type or namespace name 'DbSet<>' could not be found (are you missing a using directive or an assembly reference?) [C:\My Projects\Web Development\DevTasker\backend\DevTasker.API.csproj]
C:\My Projects\Web Development\DevTasker\backend\Data\AppDbContext.cs(20,12): error CS0246: The type or namespace name 'DbSet<>' could not be found (are you missing a using directive or an assembly reference?) [C:\My Projects\Web Development\DevTasker\backend\DevTasker.API.csproj]
C:\My Projects\Web Development\DevTasker\backend\Data\AppDbContext.cs(21,12): error CS0246: The type or namespace name 'DbSet<>' could not be found (are you missing a using directive or an assembly reference?) [C:\My Projects\Web Development\DevTasker\backend\DevTasker.API.csproj]
C:\My Projects\Web Development\DevTasker\backend\Data\AppDbContext.cs(22,12): error CS0246: The type or namespace name 'DbSet<>' could not be found (are you missing a using directive or an assembly reference?) [C:\My Projects\Web Development\DevTasker\backend\DevTasker.API.csproj]
C:\My Projects\Web Development\DevTasker\backend\Data\AppDbContext.cs(24,45): error CS0246: The type or namespace name 'ModelBuilder' could not be found (are you missing a using directive or an assembly reference?) [C:\My Projects\Web Development\DevTasker\backend\DevTasker.API.csproj]
    0 Warning(s)
    25 Error(s)

Time Elapsed 00:00:01.83

Workload updates are available. Run `dotnet workload list` for more information.
